[1] scan info : chain1_sub0  
  START: storm_U2_reg_173/QN (0.000, 0.000)
  STOP: lckup1/D (0.000, 0.000)


  scan bits        : 199
  float wire length: 0.000
  order wire length: 0.000
  total wire length: 0.000



[2] scan info : chain2_sub0  
  START: tiki_U15_reg_13/QN (0.000, 0.000)
  STOP: lckup2/D (0.000, 0.000)


  scan bits        : 199
  float wire length: 0.000
  order wire length: 0.000
  total wire length: 0.000



[3] scan info : chain3_sub0  
  START: storm_U254_reg_0/QN (0.000, 0.000)
  STOP: lckup3/D (0.000, 0.000)


  scan bits        : 199
  float wire length: 0.000
  order wire length: 0.000
  total wire length: 0.000



[4] scan info : chain4_sub0  
  START: storm_U50_reg_183/QN (0.000, 0.000)
  STOP: lckup4/D (0.000, 0.000)


  scan bits        : 199
  float wire length: 0.000
  order wire length: 0.000
  total wire length: 0.000



[5] scan info : chain5_sub0  
  START: tiki_U37_reg_250/QN (0.000, 0.000)
  STOP: lckup5/D (0.000, 0.000)


  scan bits        : 199
  float wire length: 0.000
  order wire length: 0.000
  total wire length: 0.000



[6] scan info : chain6_sub0  
  START: storm_U80_reg_74/QN (0.000, 0.000)
  STOP: lckup6/D (0.000, 0.000)


  scan bits        : 199
  float wire length: 0.000
  order wire length: 0.000
  total wire length: 0.000



[7] scan info : chain7_sub0  
  START: storm_U26_reg_192/QN (0.000, 0.000)
  STOP: lckup7/D (0.000, 0.000)


  scan bits        : 199
  float wire length: 0.000
  order wire length: 0.000
  total wire length: 0.000



[8] scan info : chain8_sub0  
  START: U38_reg_32/QN (0.000, 0.000)
  STOP: lckup8/D (0.000, 0.000)


  scan bits        : 199
  float wire length: 0.000
  order wire length: 0.000
  total wire length: 0.000



[9] scan info : chain9_sub0  
  START: storm_U80_reg_66/QN (0.000, 0.000)
  STOP: lckup9/D (0.000, 0.000)


  scan bits        : 199
  float wire length: 0.000
  order wire length: 0.000
  total wire length: 0.000



[10] scan info : chain10_sub0  
  START: storm_U25_reg_25/QN (0.000, 0.000)
  STOP: lckup10/D (0.000, 0.000)


  scan bits        : 199
  float wire length: 0.000
  order wire length: 0.000
  total wire length: 0.000



[11] scan info : chain11_sub0  
  START: U19_reg_5/QN (0.000, 0.000)
  STOP: lckup11/D (0.000, 0.000)


  scan bits        : 199
  float wire length: 0.000
  order wire length: 0.000
  total wire length: 0.000



[12] scan info : chain12_sub0  
  START: storm_U1_reg_185/QN (0.000, 0.000)
  STOP: lckup12/D (0.000, 0.000)


  scan bits        : 199
  float wire length: 0.000
  order wire length: 0.000
  total wire length: 0.000



[13] scan info : chain13_sub0  
  START: storm_U43_reg_29/QN (0.000, 0.000)
  STOP: lckup13/D (0.000, 0.000)


  scan bits        : 199
  float wire length: 0.000
  order wire length: 0.000
  total wire length: 0.000



[14] scan info : chain14_sub0  
  START: storm_U80_reg_14/QN (0.000, 0.000)
  STOP: lckup14/D (0.000, 0.000)


  scan bits        : 199
  float wire length: 0.000
  order wire length: 0.000
  total wire length: 0.000



[15] scan info : chain15_sub0  
  START: U83_reg_22/QN (0.000, 0.000)
  STOP: lckup15/D (0.000, 0.000)


  scan bits        : 199
  float wire length: 0.000
  order wire length: 0.000
  total wire length: 0.000



[16] scan info : chain16_sub0  
  START: U19_reg_12/QN (0.000, 0.000)
  STOP: lckup16/D (0.000, 0.000)


  scan bits        : 199
  float wire length: 0.000
  order wire length: 0.000
  total wire length: 0.000



[17] scan info : chain17_sub0  
  START: U167_reg_5/QN (0.000, 0.000)
  STOP: lckup17/D (0.000, 0.000)


  scan bits        : 199
  float wire length: 0.000
  order wire length: 0.000
  total wire length: 0.000



[18] scan info : chain18_sub0  
  START: storm_U53_reg_28/QN (0.000, 0.000)
  STOP: lckup18/D (0.000, 0.000)


  scan bits        : 199
  float wire length: 0.000
  order wire length: 0.000
  total wire length: 0.000



[19] scan info : chain19_sub0  
  START: storm_U133_reg_164/QN (0.000, 0.000)
  STOP: lckup19/D (0.000, 0.000)


  scan bits        : 199
  float wire length: 0.000
  order wire length: 0.000
  total wire length: 0.000



[20] scan info : chain20_sub0  
  START: tiki_U47_reg_122/QN (0.000, 0.000)
  STOP: lckup20/D (0.000, 0.000)


  scan bits        : 199
  float wire length: 0.000
  order wire length: 0.000
  total wire length: 0.000



[21] scan info : chain21_sub0  
  START: storm_U133_reg_24/QN (0.000, 0.000)
  STOP: lckup21/D (0.000, 0.000)


  scan bits        : 199
  float wire length: 0.000
  order wire length: 0.000
  total wire length: 0.000



[22] scan info : chain22_sub0  
  START: U45_reg_16/QN (0.000, 0.000)
  STOP: lckup22/D (0.000, 0.000)


  scan bits        : 199
  float wire length: 0.000
  order wire length: 0.000
  total wire length: 0.000



[23] scan info : chain23_sub0  
  START: U567_reg_0/QN (0.000, 0.000)
  STOP: lckup23/D (0.000, 0.000)


  scan bits        : 199
  float wire length: 0.000
  order wire length: 0.000
  total wire length: 0.000



[24] scan info : chain24_sub0  
  START: U76_reg_43/QN (0.000, 0.000)
  STOP: lckup24/D (0.000, 0.000)


  scan bits        : 199
  float wire length: 0.000
  order wire length: 0.000
  total wire length: 0.000



[25] scan info : chain25_sub0  
  START: U84_reg_56/QN (0.000, 0.000)
  STOP: lckup25/D (0.000, 0.000)


  scan bits        : 199
  float wire length: 0.000
  order wire length: 0.000
  total wire length: 0.000



[26] scan info : chain26_sub0  
  START: U390_reg_4/QN (0.000, 0.000)
  STOP: lckup26/D (0.000, 0.000)


  scan bits        : 199
  float wire length: 0.000
  order wire length: 0.000
  total wire length: 0.000



[27] scan info : chain27_sub0  
  START: tiki_U21_reg_147/QN (0.000, 0.000)
  STOP: lckup27/D (0.000, 0.000)


  scan bits        : 199
  float wire length: 0.000
  order wire length: 0.000
  total wire length: 0.000



[28] scan info : chain28_sub0  
  START: storm_U22_reg_62/QN (0.000, 0.000)
  STOP: lckup28/D (0.000, 0.000)


  scan bits        : 199
  float wire length: 0.000
  order wire length: 0.000
  total wire length: 0.000



[29] scan info : chain29_sub0  
  START: U30_reg_95/QN (0.000, 0.000)
  STOP: lckup29/D (0.000, 0.000)


  scan bits        : 199
  float wire length: 0.000
  order wire length: 0.000
  total wire length: 0.000



[30] scan info : chain30_sub0  
  START: tiki_U14_reg_reg_120_7/QN (0.000, 0.000)
  STOP: lckup30/D (0.000, 0.000)


  scan bits        : 199
  float wire length: 0.000
  order wire length: 0.000
  total wire length: 0.000



[31] scan info : chain31_sub0  
  START: U5_reg_5/QN (0.000, 0.000)
  STOP: lckup31/D (0.000, 0.000)


  scan bits        : 199
  float wire length: 0.000
  order wire length: 0.000
  total wire length: 0.000



[32] scan info : chain32_sub0  
  START: U138_reg_4/QN (0.000, 0.000)
  STOP: lckup32/D (0.000, 0.000)


  scan bits        : 199
  float wire length: 0.000
  order wire length: 0.000
  total wire length: 0.000



[33] scan info : chain33_sub0  
  START: U302_reg_2/QN (0.000, 0.000)
  STOP: lckup33/D (0.000, 0.000)


  scan bits        : 199
  float wire length: 0.000
  order wire length: 0.000
  total wire length: 0.000



[34] scan info : chain34_sub0  
  START: U110_reg_1/QN (0.000, 0.000)
  STOP: lckup34/D (0.000, 0.000)


  scan bits        : 199
  float wire length: 0.000
  order wire length: 0.000
  total wire length: 0.000



[35] scan info : chain35_sub0  
  START: U171_reg_2/QN (0.000, 0.000)
  STOP: lckup35/D (0.000, 0.000)


  scan bits        : 199
  float wire length: 0.000
  order wire length: 0.000
  total wire length: 0.000



[36] scan info : chain36_sub0  
  START: U162_reg_1/QN (0.000, 0.000)
  STOP: lckup36/D (0.000, 0.000)


  scan bits        : 199
  float wire length: 0.000
  order wire length: 0.000
  total wire length: 0.000



[37] scan info : chain37_sub0  
  START: tiki_U14_reg_reg_200_10/QN (0.000, 0.000)
  STOP: lckup37/D (0.000, 0.000)


  scan bits        : 199
  float wire length: 0.000
  order wire length: 0.000
  total wire length: 0.000



[38] scan info : chain38_sub0  
  START: tiki_U14_reg_reg_66_1/QN (0.000, 0.000)
  STOP: lckup38/D (0.000, 0.000)


  scan bits        : 199
  float wire length: 0.000
  order wire length: 0.000
  total wire length: 0.000



[39] scan info : chain39_sub0  
  START: U17_reg_44/QN (0.000, 0.000)
  STOP: lckup39/D (0.000, 0.000)


  scan bits        : 199
  float wire length: 0.000
  order wire length: 0.000
  total wire length: 0.000



[40] scan info : chain40_sub0  
  START: U11_reg_190/QN (0.000, 0.000)
  STOP: lckup40/D (0.000, 0.000)


  scan bits        : 199
  float wire length: 0.000
  order wire length: 0.000
  total wire length: 0.000



[41] scan info : chain41_sub0  
  START: U71_reg_2/QN (0.000, 0.000)
  STOP: lckup41/D (0.000, 0.000)


  scan bits        : 199
  float wire length: 0.000
  order wire length: 0.000
  total wire length: 0.000



[42] scan info : chain42_sub0  
  START: U90_reg_2/QN (0.000, 0.000)
  STOP: lckup42/D (0.000, 0.000)


  scan bits        : 199
  float wire length: 0.000
  order wire length: 0.000
  total wire length: 0.000



[43] scan info : chain43_sub0  
  START: tiki_U14_reg_reg_123_5/QN (0.000, 0.000)
  STOP: lckup43/D (0.000, 0.000)


  scan bits        : 199
  float wire length: 0.000
  order wire length: 0.000
  total wire length: 0.000



[44] scan info : chain44_sub0  
  START: U264_reg_0/QN (0.000, 0.000)
  STOP: lckup44/D (0.000, 0.000)


  scan bits        : 199
  float wire length: 0.000
  order wire length: 0.000
  total wire length: 0.000



[45] scan info : chain45_sub0  
  START: storm_U88_reg_33/Q (0.000, 0.000)
  STOP: lckup45/D (0.000, 0.000)


  scan bits        : 199
  float wire length: 0.000
  order wire length: 0.000
  total wire length: 0.000



[46] scan info : chain46_sub0  
  START: U11_reg_42/QN (0.000, 0.000)
  STOP: lckup46/D (0.000, 0.000)


  scan bits        : 199
  float wire length: 0.000
  order wire length: 0.000
  total wire length: 0.000



[47] scan info : chain47_sub0  
  START: tiki_U14_reg_reg_221_7/QN (0.000, 0.000)
  STOP: lckup47/D (0.000, 0.000)


  scan bits        : 199
  float wire length: 0.000
  order wire length: 0.000
  total wire length: 0.000



[48] scan info : chain48_sub0  
  START: tiki_U14_reg_reg_227_2/QN (0.000, 0.000)
  STOP: lckup48/D (0.000, 0.000)


  scan bits        : 199
  float wire length: 0.000
  order wire length: 0.000
  total wire length: 0.000



[49] scan info : chain49_sub0  
  START: U160_reg_3/QN (0.000, 0.000)
  STOP: lckup49/D (0.000, 0.000)


  scan bits        : 199
  float wire length: 0.000
  order wire length: 0.000
  total wire length: 0.000



[50] scan info : chain50_sub0  
  START: tiki_U14_reg_reg_94_7/Q (0.000, 0.000)
  STOP: lckup50/D (0.000, 0.000)


  scan bits        : 199
  float wire length: 0.000
  order wire length: 0.000
  total wire length: 0.000



[51] scan info : chain51_sub0  
  START: U208_reg_1/QN (0.000, 0.000)
  STOP: lckup51/D (0.000, 0.000)


  scan bits        : 199
  float wire length: 0.000
  order wire length: 0.000
  total wire length: 0.000



[52] scan info : chain52_sub0  
  START: tiki_U14_reg_reg_224_0/QN (0.000, 0.000)
  STOP: lckup52/D (0.000, 0.000)


  scan bits        : 199
  float wire length: 0.000
  order wire length: 0.000
  total wire length: 0.000



[53] scan info : chain53_sub0  
  START: U20_reg_196/QN (0.000, 0.000)
  STOP: lckup53/D (0.000, 0.000)


  scan bits        : 199
  float wire length: 0.000
  order wire length: 0.000
  total wire length: 0.000



[54] scan info : chain54_sub0  
  START: tiki_U14_reg_reg_64_5/Q (0.000, 0.000)
  STOP: lckup54/D (0.000, 0.000)


  scan bits        : 199
  float wire length: 0.000
  order wire length: 0.000
  total wire length: 0.000



[55] scan info : chain55_sub0  
  START: tiki_U14_reg_reg_135_5/QN (0.000, 0.000)
  STOP: lckup55/D (0.000, 0.000)


  scan bits        : 199
  float wire length: 0.000
  order wire length: 0.000
  total wire length: 0.000



[56] scan info : chain56_sub0  
  START: U20_reg_21/QN (0.000, 0.000)
  STOP: lckup56/D (0.000, 0.000)


  scan bits        : 199
  float wire length: 0.000
  order wire length: 0.000
  total wire length: 0.000



[57] scan info : chain57_sub0  
  START: U5_reg_237/QN (0.000, 0.000)
  STOP: lckup57/D (0.000, 0.000)


  scan bits        : 199
  float wire length: 0.000
  order wire length: 0.000
  total wire length: 0.000



[58] scan info : chain58_sub0  
  START: U5_reg_247/QN (0.000, 0.000)
  STOP: lckup58/D (0.000, 0.000)


  scan bits        : 199
  float wire length: 0.000
  order wire length: 0.000
  total wire length: 0.000



[59] scan info : chain59_sub0  
  START: U129_reg_14/QN (0.000, 0.000)
  STOP: lckup59/D (0.000, 0.000)


  scan bits        : 199
  float wire length: 0.000
  order wire length: 0.000
  total wire length: 0.000



[60] scan info : chain60_sub0  
  START: tiki_U14_reg_reg_7_8/Q (0.000, 0.000)
  STOP: lckup60/D (0.000, 0.000)


  scan bits        : 199
  float wire length: 0.000
  order wire length: 0.000
  total wire length: 0.000



[61] scan info : chain61_sub0  
  START: U20_reg_284/QN (0.000, 0.000)
  STOP: lckup61/D (0.000, 0.000)


  scan bits        : 199
  float wire length: 0.000
  order wire length: 0.000
  total wire length: 0.000



[62] scan info : chain62_sub0  
  START: tiki_U14_reg_reg_158_3/QN (0.000, 0.000)
  STOP: lckup62/D (0.000, 0.000)


  scan bits        : 199
  float wire length: 0.000
  order wire length: 0.000
  total wire length: 0.000



[63] scan info : chain63_sub0  
  START: tiki_U14_reg_reg_94_8/Q (0.000, 0.000)
  STOP: lckup63/D (0.000, 0.000)


  scan bits        : 199
  float wire length: 0.000
  order wire length: 0.000
  total wire length: 0.000



[64] scan info : chain64_sub0  
  START: storm_U1_reg_157/QN (0.000, 0.000)
  STOP: lckup64/D (0.000, 0.000)


  scan bits        : 199
  float wire length: 0.000
  order wire length: 0.000
  total wire length: 0.000



[65] scan info : chain65_sub0  
  START: tiki_U14_reg_reg_248_10/Q (0.000, 0.000)
  STOP: lckup65/D (0.000, 0.000)


  scan bits        : 199
  float wire length: 0.000
  order wire length: 0.000
  total wire length: 0.000



[66] scan info : chain66_sub0  
  START: U20_reg_279/QN (0.000, 0.000)
  STOP: lckup66/D (0.000, 0.000)


  scan bits        : 199
  float wire length: 0.000
  order wire length: 0.000
  total wire length: 0.000



[67] scan info : chain67_sub0  
  START: tiki_U14_reg_reg_3_10/Q (0.000, 0.000)
  STOP: lckup67/D (0.000, 0.000)


  scan bits        : 199
  float wire length: 0.000
  order wire length: 0.000
  total wire length: 0.000



[68] scan info : chain68_sub0  
  START: U65_reg_125/QN (0.000, 0.000)
  STOP: kasa_U6_reg/SI (0.000, 0.000)


  scan bits        : 160
  float wire length: 0.000
  order wire length: 0.000
  total wire length: 0.000



[69] scan info : chain68_sub1  
  START: U10_reg_153/QN (0.000, 0.000)
  STOP: lckup68/D (0.000, 0.000)


  scan bits        : 37
  float wire length: 0.000
  order wire length: 0.000
  total wire length: 0.000



[70] scan info : chain69_sub0  
  START: U65_reg_693/QN (0.000, 0.000)
  STOP: lckup69/D (0.000, 0.000)


  scan bits        : 199
  float wire length: 0.000
  order wire length: 0.000
  total wire length: 0.000



[71] scan info : chain70_sub0  
  START: U65_reg_586/QN (0.000, 0.000)
  STOP: lckup70/D (0.000, 0.000)


  scan bits        : 199
  float wire length: 0.000
  order wire length: 0.000
  total wire length: 0.000



[72] scan info : chain71_sub0  
  START: U51_reg_49/QN (0.000, 0.000)
  STOP: lckup71/D (0.000, 0.000)


  scan bits        : 199
  float wire length: 0.000
  order wire length: 0.000
  total wire length: 0.000



[73] scan info : chain72_sub0  
  START: U65_reg_177/QN (0.000, 0.000)
  STOP: lckup72/D (0.000, 0.000)


  scan bits        : 199
  float wire length: 0.000
  order wire length: 0.000
  total wire length: 0.000



[74] scan info : chain73_sub0  
  START: U65_reg_270/QN (0.000, 0.000)
  STOP: lckup73/D (0.000, 0.000)


  scan bits        : 199
  float wire length: 0.000
  order wire length: 0.000
  total wire length: 0.000



[75] scan info : chain74_sub0  
  START: U65_reg_699/QN (0.000, 0.000)
  STOP: lckup74/D (0.000, 0.000)


  scan bits        : 29
  float wire length: 0.000
  order wire length: 0.000
  total wire length: 0.000



